[INFO] [1791471142.739356, 0.000000]: loading model (remote) ...
[remote] edge at 127.0.0.1:8765 (history=True)
[INFO] [1791471142.777988, 0.000000]: ready: model=remote, sample_rate=3.0 Hz, topomap=/tmp/e2e/topomap (24 subgoals)
[INFO] [1791471142.785915, 0.000000]: waiting for /camera/image_raw/compressed and /odom
[INFO] [1791471146.871442, 1000.023029]: start: 24 subgoals, reach_check=image_odom, log=/tmp/e2e/ros1_node/nav/20261008_145226
[INFO] [1791471147.250900, 1000.396336]: subgoal 0 -> 3/23 [image similarity 1.000 (node 2)]
[INFO] [1791471150.689491, 1003.837660]: subgoal 3 -> 4/23 [image similarity 1.000 (node 3)]
[INFO] [1791471152.407361, 1005.553572]: subgoal 4 -> 5/23 [image similarity 1.000 (node 4)]
[INFO] [1791471154.311173, 1007.460539]: subgoal 5 -> 6/23 [image similarity 1.000 (node 5)]
[INFO] [1791471156.065289, 1009.208774]: subgoal 6 -> 7/23 [image similarity 1.000 (node 6)]
[INFO] [1791471157.718513, 1010.864365]: subgoal 7 -> 8/23 [image similarity 1.000 (node 7)]
[INFO] [1791471159.062351, 1012.206616]: subgoal 8 -> 9/23 [image similarity 1.000 (node 8)]
[INFO] [1791471160.450809, 1013.600017]: subgoal 9 -> 10/23 [image similarity 1.000 (node 9)]
[INFO] [1791471163.397609, 1016.546587]: subgoal 10 -> 11/23 [image similarity 1.000 (node 10)]
[INFO] [1791471165.622377, 1018.766489]: subgoal 11 -> 12/23 [image similarity 1.000 (node 11)]
[INFO] [1791471167.169006, 1020.312864]: subgoal 12 -> 13/23 [image similarity 1.000 (node 12)]
[INFO] [1791471174.353829, 1027.499683]: subgoal 13 -> 14/23 [image similarity 1.000 (node 13)]
[INFO] [1791471176.596506, 1029.743348]: subgoal 14 -> 15/23 [image similarity 1.000 (node 14)]
[INFO] [1791471179.290379, 1032.437486]: subgoal 15 -> 16/23 [image similarity 1.000 (node 15)]
[INFO] [1791471181.291684, 1034.437147]: subgoal 16 -> 17/23 [image similarity 1.000 (node 16)]
[INFO] [1791471183.106646, 1036.253428]: subgoal 17 -> 18/23 [image similarity 1.000 (node 17)]
[INFO] [1791471184.765686, 1037.907962]: subgoal 18 -> 19/23 [image similarity 1.000 (node 18)]
[INFO] [1791471186.448930, 1039.593192]: subgoal 19 -> 20/23 [image similarity 1.000 (node 19)]
[INFO] [1791471187.760110, 1040.905692]: subgoal 20 -> 21/23 [image similarity 1.000 (node 20)]
[INFO] [1791471189.413345, 1042.561386]: subgoal 21 -> 22/23 [image similarity 1.000 (node 21)]
[INFO] [1791471192.405980, 1045.549764]: subgoal 22 -> 23/23 [image similarity 1.000 (node 22)]
[INFO] [1791471194.565595, 1047.560661]: stop: shutdown
